#-----------------------------------------------------------
# Vivado v2019.1 (64-bit)
# SW Build 2552052 on Fri May 24 14:49:42 MDT 2019
# IP Build 2548770 on Fri May 24 18:01:18 MDT 2019
# Start of session at: Sun Sep 12 14:44:37 2021
# Process ID: 10516
# Current directory: C:/Users/FemtoFluidics/Documents/GitHub/vivadoRepository1/glue
# Command line: vivado.exe -gui_launcher_event rodinguilauncherevent11068 C:\Users\FemtoFluidics\Documents\GitHub\vivadoRepository1\glue\glue.xpr
# Log file: C:/Users/FemtoFluidics/Documents/GitHub/vivadoRepository1/glue/vivado.log
# Journal file: C:/Users/FemtoFluidics/Documents/GitHub/vivadoRepository1/glue\vivado.jou
#-----------------------------------------------------------
start_gui
open_project C:/Users/FemtoFluidics/Documents/GitHub/vivadoRepository1/glue/glue.xpr
update_compile_order -fileset sources_1
launch_sdk -workspace C:/Users/FemtoFluidics/Documents/GitHub/vivadoRepository1/glue/glue.sdk -hwspec C:/Users/FemtoFluidics/Documents/GitHub/vivadoRepository1/glue/glue.sdk/DMF_Translation_wrapper.hdf
