#-----------------------------------------------------------
# Vivado v2019.1 (64-bit)
# SW Build 2552052 on Fri May 24 14:49:42 MDT 2019
# IP Build 2548770 on Fri May 24 18:01:18 MDT 2019
# Start of session at: Sun Sep 26 14:29:44 2021
# Process ID: 8244
# Current directory: C:/Users/FemtoFluidics/Documents/GitHub/vivadoRepository1/communicate-and-output/communicate-and-output.runs/uBlaze_rst_sys_clock_100M_0_synth_1
# Command line: vivado.exe -log uBlaze_rst_sys_clock_100M_0.vds -product Vivado -mode batch -messageDb vivado.pb -notrace -source uBlaze_rst_sys_clock_100M_0.tcl
# Log file: C:/Users/FemtoFluidics/Documents/GitHub/vivadoRepository1/communicate-and-output/communicate-and-output.runs/uBlaze_rst_sys_clock_100M_0_synth_1/uBlaze_rst_sys_clock_100M_0.vds
# Journal file: C:/Users/FemtoFluidics/Documents/GitHub/vivadoRepository1/communicate-and-output/communicate-and-output.runs/uBlaze_rst_sys_clock_100M_0_synth_1\vivado.jou
#-----------------------------------------------------------
source uBlaze_rst_sys_clock_100M_0.tcl -notrace
